functions.c:27:12:static1	256	static
functions.c:32:5:static2	160	static
functions.c:37:6:static3	16	static
functions.c:42:6:static4	16	static
functions.c:48:5:static5	16	static
functions.c:54:6:recursive1	48	static
functions.c:59:6:recursive2a	16	static
functions.c:64:6:recursive2b	152	static
functions.c:69:6:recursive2c	1000	static
functions.c:74:6:recursive2d	128	static
functions.c:84:6:indirect1	24	static
functions.c:100:6:indirect2	16	static
functions.c:109:6:indirect3	24	static
functions.c:127:6:indirect4	24	static
functions.c:135:6:function_with_really_long_name_AAAAAAAAAAAAAAAAAAAAAAAAAAAAAAAAAAAAAAAAAAAAAAAAAAAAAAAAAAAAAAAAAAA	16	static
functions.c:140:13:prv_fxn1	112	static
functions.c:144:6:functions_prv_fxn1	8	static
functions.c:148:5:main	8	static
functions.c:169:5:main3	8	static
